// Jest Snapshot v1, https://goo.gl/fbAQLP

exports[`Should render a single expense list item correctly 1`] = `
<div>
  <Link
    replace={false}
    to="/edit/1"
  >
    <h3>
      Rent
    </h3>
  </Link>
  <p>
    Amount: 
    150
  </p>
  <p>
    Created At: 
    0
  </p>
</div>
`;
