// Jest Snapshot v1, https://goo.gl/fbAQLP

exports[`Should render Header correctly 1`] = `
<header>
  <h1>
    Expensify
  </h1>
  <NavLink
    activeClassName="active"
    ariaCurrent="true"
    exact={true}
    to="/"
  >
    Home
  </NavLink>
  <NavLink
    activeClassName="active"
    ariaCurrent="true"
    to="/create"
  >
    Add Expense Page
  </NavLink>
  <NavLink
    activeClassName="active"
    ariaCurrent="true"
    to="/edit"
  >
    Edit Expense Page
  </NavLink>
  <NavLink
    activeClassName="active"
    ariaCurrent="true"
    to="/help"
  >
    Help
  </NavLink>
</header>
`;
